c float
d float
a int
b int
a int
b int
a float
b float
