c set_seq
i int
C set_seq
a set_seq
D set_seq
b int
