something
this are comment delimiters: /* comment */
