2*x*3*cos(x)
2*3*cos(x)+2*x*3*-1*sin(x)
-11.6904
9

