x^x-1
x^x*(1+ln(x))
x^x*(1+ln(x))
3124
3124.000000
