
function B[int b] returns int
{
B = {b*2.0 | b in {y+1.0 | y in a}};
}


