s1 = {1, 2, 3, 4, 5, 6, 7, 8, 9}
# s1 = 9

s2 = {3, 4, 5, 6}
# s2 = 4

s3 = {"dog", "cat", "mouse"}
# s3 = 3

s4 = {("a", 1, 1, ("a", 1, 1)), ("a", 1, 1)}
# s4 = 2

