s1 = {1, 2}
s2 = {7, 8}
s3 = {"dog", "cat", "mouse"}
s4 = {("a", 1, 1, ("a", 1, 1))}

s1 x s2 = {(1, 7), (1, 8), (2, 7), (2, 8)}
s1 x s3 = {(1, "dog"), (1, "cat"), (1, "mouse"), (2, "dog"), (2, "cat"), (2, "mouse")}
s3 x s2 = {("dog", 7), ("dog", 8), ("cat", 7), ("cat", 8), ("mouse", 7), ("mouse", 8)}
s1 x s4 = {(1, ("a", 1, 1, ("a", 1, 1))), (2, ("a", 1, 1, ("a", 1, 1)))}
