i1 = 1
i2 = 1
i3 = 1

f1 = 2
f2 = 2
f3 = 2

s1 = "a"
s2 = "a"
s3 = "a"

set1 = {-10, -9, -8, -7, -6, -5, -4, -3, -2, -1, 0, 1, 2, 3, 4}
set2 = {-10, -9, -8, -7, -6, -5, -4, -3, -2, -1, 0, 1, 2, 3, 4}
set3 = {-10, -9, -8, -7, -6, -5, -4, -3, -2, -1, 0, 1, 2, 3, 4}
set4 = {-10, -9, -8, -7, -6, -5, -4, -3, -2, -1, 0, 1, 2, 3, 4}

t1 = ("a", 1, 1, ("a", 1, 1))
t2 = ("a", 1, 1, ("a", 1, 1))
t3 = ("a", 1, 1, ("a", 1, 1))
t4 = ("a", 1, 1, ("a", 1, 1))
