s1 = {-10, -9, -8, -7, -6, -5, -4, -3, -2, -1, 0, 1, 2, 3, 4}
s2 = {-10, -9, -8, -7, -6, -5, -4, -3, -2, -1, 0, 1, 2, 3, 4}
s3 = {-5, -4, -3, -2, -1, 0, 1, 2, 3, 4, 5, 6, 7, 8, 9}

s1 != s2: false
s1 != s3: true
s1 != s1: false

t1 = ("a", 1, 1, ("a", 1, 1))
t2 = ("a", 1, 1, ("a", 1, 1))
t3 = ("a", 1, 1)
t4 = ("a", 1, ("a", 1), 1)

t1 != t2: false
t1 != t3: true
t1 != t4: true
t1 != t1: false
