s1 = {-10, -9, -8, -7, -6, -5, -4, -3, -2, -1, 0, 1, 2, 3, 4}
s2 = {-5, -4, -3, -2, -1, 0, 1, 2, 3, 4, 5, 6, 7, 8, 9}
s3 = {"cat", "dog", "mouse"}
s4 = {1}
s5 = {42}
s1 intersect s2 = {-5, -4, -3, -2, -1, 0, 1, 2, 3, 4}
s1 intersect s3 = {}
s4 intersect s5 = {}

