{-10, -9, -8, -7, -6, -5, -4, -3, -2, -1, 0, 1, 2, 3, 4, 5, 6, 7, 8, 9}
{"dog", "cat", "mouse"}
{1.3, 1.4, 1.5}
t1 = ("a", 1, 1, ("a", 1, 1))
t2 = ("a", 1, 1, ("a", 1, 1))
t3 = ("a", 1, 1)

s4 = {("a", 1, 1, ("a", 1, 1)), ("a", 1, 1)}

s5 = {1, 2}
s6 = {1, 2}
s7 = {10, 20}

s8 = {{10, 20}, {1, 2}}
