s1 = {-10, -9, -8, -7, -6, -5, -4, -3, -2, -1, 0, 1, 2, 3, 4}
s2 = {-10, -9, -8, -7, -6, -5, -4, -3, -2, -1, 0, 1, 2, 3, 4, 100}
s3 = {-10, -9, -8, -7, -6, -5, -4, -3, -2, -1, 0, 1, 2, 3, 4, 100}

t1 = ("a", 1, 1, ("a", 1, 1))
t2 = ("a", 1, 1, ("a", 1, 1), "a new string")
t3 = ("a", 1, 1, ("a", 1, 1), "a new string")
